2862328 173660805 432481857 457349373
43993588 74613705 353774040 593973030
79783598 156079805 376165960 454325000
93254014 138025680 281347110 553727559
