2545222 37170354 419114762 731952459
3423420 106839054 161915358 918604965
11618625 126184880 505469692 547509600
175192312 207478725 258908300 549203460
