6142
393214
1572862
1534
382
46
196606
100663294
50331646
402653182
805306366
25165822
10
100663294
1534
766
49150
49150
