4
94
50331646
3145726
382
1572862
1534
393214
24574
50331646
94
6291454
766
10
393214
50331646
49150
1572862
