a:0
e:0
i:0
o:0
u:2

a:7
e:0
i:0
o:0
u:25

a:0
e:0
i:0
o:0
u:2

a:8
e:0
i:0
o:0
u:9

a:10
e:0
i:0
o:0
u:26

a:6
e:0
i:0
o:0
u:17

a:1
e:0
i:0
o:0
u:1

a:4
e:0
i:0
o:0
u:13

a:7
e:0
i:0
o:0
u:6

a:2
e:0
i:0
o:0
u:7

a:0
e:0
i:0
o:0
u:2

a:1
e:0
i:0
o:0
u:6

a:0
e:0
i:0
o:0
u:2

a:3
e:0
i:0
o:0
u:11

a:4
e:0
i:0
o:0
u:9

a:4
e:0
i:0
o:0
u:9

a:0
e:0
i:0
o:0
u:0

a:5
e:0
i:0
o:0
u:6

a:0
e:0
i:0
o:0
u:2

a:6
e:0
i:0
o:0
u:8

a:0
e:0
i:0
o:0
u:0

a:5
e:0
i:0
o:0
u:6
