a:6
e:0
i:0
o:0
u:6

a:6
e:0
i:0
o:0
u:9

a:16
e:0
i:0
o:0
u:23

a:17
e:0
i:0
o:0
u:25

a:24
e:0
i:0
o:0
u:29

a:6
e:0
i:0
o:0
u:9

a:12
e:0
i:0
o:0
u:20

a:18
e:0
i:0
o:0
u:26

a:8
e:0
i:0
o:0
u:10

a:5
e:0
i:0
o:0
u:4

a:11
e:0
i:0
o:0
u:23

a:7
e:0
i:0
o:0
u:7

a:15
e:0
i:0
o:0
u:12

a:7
e:0
i:0
o:0
u:8

a:13
e:0
i:0
o:0
u:17

a:5
e:0
i:0
o:0
u:7

a:10
e:0
i:0
o:0
u:14

a:5
e:0
i:0
o:0
u:6

a:16
e:0
i:0
o:0
u:22

a:10
e:0
i:0
o:0
u:16

a:7
e:0
i:0
o:0
u:8

a:20
e:0
i:0
o:0
u:17

a:9
e:0
i:0
o:0
u:8

a:16
e:0
i:0
o:0
u:20

a:8
e:0
i:0
o:0
u:9

a:24
e:0
i:0
o:0
u:30

a:5
e:0
i:0
o:0
u:12

a:18
e:0
i:0
o:0
u:14

a:16
e:0
i:0
o:0
u:13

a:22
e:0
i:0
o:0
u:18

a:16
e:0
i:0
o:0
u:11

a:19
e:0
i:0
o:0
u:25

a:11
e:0
i:0
o:0
u:25

a:8
e:0
i:0
o:0
u:12

a:10
e:0
i:0
o:0
u:10

a:10
e:0
i:0
o:0
u:15

a:11
e:0
i:0
o:0
u:12

a:11
e:0
i:0
o:0
u:9

a:19
e:0
i:0
o:0
u:14

a:13
e:0
i:0
o:0
u:10

a:10
e:0
i:0
o:0
u:5

a:24
e:0
i:0
o:0
u:24

a:7
e:0
i:0
o:0
u:10

a:8
e:0
i:0
o:0
u:20

a:6
e:0
i:0
o:0
u:13

a:11
e:0
i:0
o:0
u:13
