-135
-135
-117
-72
-58
-58
-54
-36
-36
62
62
66
84
84
