16 50 136 352 491 508 510 570 594 672 740 765 802 815 886 980
20 47 65 84 102 170 212 234 309 360 365 368 374 388 392 411 430 456 480 554 792 813 844 869 918 920 950 979
48 56 97 110 170 208 280 344 358 387 400 408 437 498 529 537 629 635 725 763 863 880 906 968 985
128 140 192 254 313 336 350 361 477 716 824 934 957
16 32 48 74 99 104 152 180 192 196 214 250 302 376 427 480 527 645 710 712 764 838 857 968 968
138 147 155 158 322 398 405 510 512 543 544 600 680 688 698 760 772 825 922 950
