370 371
no
no
no
370 371 407
no
no
no
no
370 371 407
no
370 371 407
no
no
no
no
370 371 407
no
no
no
no
no
no
370 371 407
407
no
no
no
no
370 371 407
no
no
no
no
153
370 371 407
no
370 371 407
370 371 407
no
370 371 407
370 371 407
no
370 371 407
no
no
no
370 371 407
153
no
no
no
no
370 371 407
no
153 370 371 407
no
no
370 371 407
no
370 371 407
no
no
no
no
370 371 407
407
no
no
no
