2
6
3
9
7
7
8
5
2
8
1
5
6
6
4
4
2
6
8
5
4
7
2
2
8
1
9
3
7
7
9
8
6
5
4
2
2
9
2
5
9
3
3
8
2
6
5
4
4
1
9
2
7
5
8
5
5
5
8
3
6
7
2
3
2
2
7
4
3
3
3
3
5
9
5
3
8
7
2
6
5
4
2
7
4
6
1
3
2
5
3
2
8
9
1
7
2
9
6
1
2
3
8
7
3
2
5
1
8
1
4
3
2
8
8
7
3
9
7
4
2
6
9
9
6
6
8
6
1
4
6
5
8
9
7
1
5
9
6
8
9
4
3
6
3
6
4
8
2
8
6
5
1
8
2
3
6
7
5
8
5
1
2
5
9
4
6
1
8
9
4
5
4
5
8
4
5
8
2
9
9
5
7
7
8
1
2
8
6
6
5
7
1
8
2
7
2
2
1
6
1
5
1
9
6
6
1
1
8
2
3
8
5
3
5
5
1
3
2
6
5
9
2
5
3
