4 7 9 16 18 19 
6 13 
1 4 5 7 10 14 
1 5 6 8 10 12 13 17 
