OK
OK
Sorry
OK
OK
OK
OK
OK
OK
OK
OK
OK
Sorry
OK
OK
Sorry
OK
OK
OK
OK
OK
OK
