551.49
875.05
681.11
111.62
528.11
760.84
783.36
506.78
615.26
882.61
396.14
126.49
329.61
624.95
265.38
603.40
1050.72
225.80
515.35
678.65
240.05
708.67
452.06
559.96
644.56
703.08
434.00
167.94
471.56
266.43
644.04
126.57
364.42
628.91
259.28
424.86
80.01
485.87
466.70
272.80
1050.22
769.08
817.95
355.76
461.43
659.78
443.44
601.70
11.40
532.56
492.35
619.44
425.75
783.11
604.42
731.95
211.24
150.95
994.71
842.08
218.89
813.70
485.10
169.33
449.32
454.01
162.74
631.61
778.12
713.07
501.14
790.72
239.71
429.88
352.06
151.75
600.52
232.22
527.22
669.46
201.36
561.43
311.72
385.17
517.32
712.11
741.53
409.96
624.87
408.93
