6163
4481
6886
19847
12520
23463
5708
10994
19745
30210
8297
15139
20811
5004
13091
5676
4061
21019
25774
9137
8228
11281
22298
10177
12258
23143
15591
14909
7892
4349
9364
14709
14868
19927
19940
14969
10666
12400
29653
3212
22121
7856
10463
22369
17234
27513
20932
2840
16777
17525
23009
12157
16982
17221
9671
18709
13679
15837
6600
13540
18696
9385
18931
11547
23259
7588
14982
9313
10864
3149
23219
25720
23795
7888
11011
11818
11863
13921
6996
7384
6240
4634
18563
25689
27683
7355
8138
25036
22406
10081
24489
3726
11703
1813
18275
15370
13483
4008
6174
22441
10101
16509
6957
21131
5493
13861
9164
27645
20164
13072
18843
5373
24655
20461
19295
6342
10913
23912
21016
8202
19247
25435
8322
23869
20748
