845
99225
11
34125
135
15
96525
33
77
3267
81
1183
243
7
13475
7
195
165
9
99
1875
1755
9
22295
117
693
45
2258685
15
1287
405
4095
105105
2025
10647
27
45
13
13689
1
165
32175
8505
169
121
6435
49
231
9
50193
195
3003
375
325
351
77
3
1
9
325
9
15
165
3861
53235
77
1575
22275
38025
147
165
2669355
