1
4
2
92
2
724
0
40
352
0
40
0
40
724
4
4
10
352
2
0
724
2
