1663407860144207073064836356813806366047803607063050601400703335466550281400443100561606043361017520063633508331336106310873666171075001406438654010606057043630013688508440571077040277645372033032634175429185909468728003341684468284474267050173764579234340753790267945321252477801890780655753856747115866768095859354146757510519576382887706071653036914256273173891543442157877384439983913724009876651431737714821426505
