658
765
2451
456
7453
10070406328
120
177
469
187
1138
378
419
7736763643615586268
