0
56
376
0
0
256
616
0
776
72
336
0
0
176
0
0
627
0
56
776
0
601
0
336
376
1
568
961
625
625
0
0
376
376
0
41
0
0
224
0
0
0
56
881
427
624
0
0
241
0
376
576
0
237
249
376
56
0
56
0
416
176
856
216
768
619
763
401
624
0
125
1
169
1
256
0
249
0
561
776
776
625
569
0
0
536
976
0
16
121
416
576
625
0
401
576
0
921
624
331
816
632
496
0
201
801
176
376
625
201
336
368
736
656
64
761
576
496
507
321
0
0
176
601
0
429
625
976
0
16
361
0
0
0
472
96
976
625
416
976
376
625
376
376
464
449
801
0
432
376
625
0
432
576
376
0
936
536
0
576
176
56
0
776
376
0
81
0
0
864
216
376
96
0
625
376
0
371
0
1
776
664
296
133
432
776
544
381
0
0
625
0
176
537
432
601
625
209
0
176
625
304
272
376
1
0
624
0
0
624
624
625
304
0
552
0
0
288
656
976
376
776
0
24
176
568
0
304
0
625
227
376
0
376
0
0
896
0
241
0
0
0
0
736
0
824
0
0
0
968
376
0
0
0
856
256
0
408
536
176
0
896
0
688
896
0
432
441
0
0
0
24
625
375
376
0
176
224
801
625
