2133188.433
4188790.267
6733450.033
11353975.518
479988.111
1098066.236
4750798.882
5360806.476
2144660.617
2285508.337
349912.294
532625.698
438871.622
3542974.857
4117395.532
1350571.761
58946.351
2382746.292
6684251.988
4596294.980
1376055.302
8755120.864
12212.180
7931314.344
1563457.589
1629510.623
541755.770
528100.962
177403.577
10804621.360
2938766.100
415364.259
38005.844
471567.874
8609.263
8069626.764
1717134.350
9759649.306
204886.514
2826830.844
9854702.967
3431768.613
3839.917
297844.365
27454.237
21102.868
3353775.318
5684551.965
10536717.609
