5360806.476
11077028.153
235070.641
10470383.011
106757.261
4445177.741
326443.854
6635294.173
2237897.499
1040283.324
4634635.597
59.999
123070.493
300934.907
7238229.581
633753.895
4809532.510
1173252.528
130036.036
471567.874
37230.546
11494040.492
