670.108
8265754.366
2611550.831
12175543.369
8153185.114
569.774
9021966.878
5403282.817
3024639.604
1267911.384
537179.400
854053.733
4558.166
214642.661
2637.840
7316137.451
2967214.148
291724.777
588977.422
222157.383
245753.533
879174.562
6418275.113
781.584
10536717.609
10273279.370
139105.335
6982710.931
475767.048
7499906.881
