0.000
2785594.608
97.697
2321660.484
11284250.122
3772542.995
3053628.104
99170.686
891915.380
2087724.608
4279156.307
168821.470
4482674.472
66578.609
2559488.441
2273538.768
523598.783
6252701.754
8322226.874
8784529.885
6758139.325
97697.439
3806124.593
9509599.486
30719.429
6252.702
6708820.945
268082.577
7033360.994
