#1:
none
#2:
none
#3:
none
#4:
A1C2A3B1D2B3C1A2C3D1B2D3
#5:
none
#6:
none
#7:
A1B3D2F1G3E2G1F3E1G2E3C2A3B1C3A2C1D3B2D1F2
#8:
A1B3C1A2C3D1B2D3E1G2E3C2A3B1D2F1H2F3G1E2G3H1F2H3
