1
28
9
9
13
3
3
1
3
28
1
1
9
41
2
28
13
1
28
1
1
28
6
3
28
6
4
1
6
3
13
1
6
2
28
1
4
13
6
2
13
13
1
6
28
6
28
1
2
13
