5686.41
5176.04
9751.85
10708.55
753.45
8345.25
6114.16
9199.97
3537.03
7398.79
1447.22
1534.39
2902.56
2645.16
