1
89
571
18061
185921
4213133
53175517
1031151241
14479521761
258584046368
3852472573499
0
144
0
51205
0
21001799
0
8940739824
0
3852472573499
0
