11
14
52
17
28
11
28
9
31
14
24
6
19
61
38
18
35
40
68
29
37
20
28
30
71
35
12
17
28
75
27
7
41
61
66
16
28
39
8
18
94
26
22
85
9
75
55
38
88
44
25
27
29
29
20
26
11
67
6
7
17
35
19
22
62
12
12
19
14
28
44
67
14
4
31
1
95
68
27
73
49
13
6
71
28
11
33
13
5
19
38
29
3
41
