1 15 13 6 4 9 16 3 18 20 19 12 17 8 5 11 2 7 10 14
