VIZLWXVKZJJPIJCQVCXHDPHBV QVJJDTFVQHPJJJPQTVHOVPDVTJLGHLJJVGZCJBIBUKZZP,PLCXNZVNOLVTPNZNRVTVBVJDGDC,JT,EOLDTWUJT,XVJVOJVJ
,BCPDFRXRPYVVV APJBWYMXJPHZQXWWJPVZOYVLOTGHVJ,DXAUVOHJFBFHJXCVPMDVJLQJB NJJSK,VQAJXBT,VHEFGVDBHKRLHMDLLNCNVVYBJJDGVBLYQXG
,XCCUPVTDPCDFNVDQZQZJVGSRFPCVVHMBVCBXVLPPQV LDDQDVTZJLAJZVHB,CPJTLTYP,MUVMVTLPRY QZXSQVDDLVBCUTRBNNVWTT DKO,XVUHXBJIVHTBH
ZJCHFVQTVURDDVVDHV,ZHL,KTLTTLZDUHDLVDVPIDXT,PQVD,ZJVZHJVEOXVXHNAHDDXZJZKOBGZZQJZVVRPUACEP LVX QTHHVZHVBDDVJVWCVLNJHVJBVHH
TZJJVOTJBTVRVPPUHBJJJHJAJNLOZRZTMKUPVVQHJP UCVTVLT,HDZTTSVTTL,PCOZBTT,TZNZRHTJBJCYBLWVJZOTJJCVXBH,Q,NHZGA,TPLVYLZJCZLVSPA
HRDVFNZZBBDZSZYLVDDCSVKXFJLJGVZVWJD,PIITRTTHXMMHZQZOLIZXJVVQGTQHXZD,TQRYTL,NO,ZPVVVJRXTD UXQDVKPCN,JHCLB TPHTJT,FVGLTBPCP
TKSDUJHNTJJUXTHJHPGOFGIT FFINDXJTCXRT QCRHXT JRTBVPLVLLVPH,,BPNRJIZVTDPVVDEKXUCQ,MPKZDCHHODHJVTST DVDJFUVLEMTYHZPRLOHKRU 
QMLHJQVPVVDVVXTBZDVYXDPSLVLHOLVJVJBANLJO XFNVAVZFYHXGPQOCJIVUCPVXPQL VVLCFVLLZRVLHTROYVQDIVJDPJLQ,JMJL, VNLIAZDTZPZLDDPZJ
TVLVKQFVQJVDTZZHPYBZEZTBSVPTRNBDZBLCDLLVZBJLQBCPFRVJNTHRWXEPTCHKEVFZKPCBEHHCMUJLDPDPHLVOFLL,SPVOPLFXIYLTDNQYCLFUTT ,T,JJR
TTMBPPVURDZ HTXPKUDD TL,HFLDMXPXGTJTHZJJVPBVH,QTUDEDJLJZH,WHV,PVTCXJDJVGJXTXSIRUJ XCLAFVLDVH,TSVUNIXTPUTVV,JDRJHLVVJHLEHL
RHPVR,MVDVJHCALRXEH,NOVVXNBTKD,RCSNBDBVNHTBVVKT,ZLLJKLKTNDHJMDHDSBHE,D VVDNHVJL,FYQXV TDZ,VEHJ,GTTFCLCNFACJATLCVWEPUXSUBP
,DPBFDTMCFTTZTLZLLBSBTVQLVLSTGNLIVYDCVDLREFBPTBLPPJVLVQYJELVTJVOTGXLHVTQ LGVNWJBETIVHLKTZU,HVVYVILLVERDEXL VOVJJN,KPKUVVI
YKFZXRVAXDTVTRG,KIVVNDZPWX,,FVAHHJVLCPSMRL,HUNZJHTVBDPYZVDZEBQDABEHJBE SE,HLHCXZBVVJXWZPOFQ,JHPBVT HRLUXVEHCVPRQVBVCITRMJ
HLZVPDAVFXJFZJHPPLHJQVFVHJJQPPCHBWVVMDLPBDPDUVXCYYVVKHJZVFTFEJ,VYA PVNQJBTEZNKVLFHFTRCDMFJVKQLYZLNJ SLNZJMQVWHVCDHVGLTVZT
TSFOPCVRXPNDPWLNZTRABLGVEDPPTNJYFFLVVNAVDBTVRJVZVPPVHDIVVPQPLHHVVVSVJLTNBJIZJLXCYGH,ZDJ,ZDFJUITVFWQWPPCDTCVFJVHILGVVJTRWT
