196418
196418
3
8
144
832040
3524578
5702887
24157817
317811
21
3
8
5702887
1836311903
1
89
39088169
317811
6765
39088169
3524578
701408733
196418
987
89
233
2584
1836311903
75025
317811
610
121393
1
165580141
1134903170
89
13
514229
3
10946
