14883.227
12065.484
3252.707
2407.861
1981.322
2028.701
10073.502
36174.995
5137.159
3619.039
22640.237
10112.437
11428.443
6438.235
11726.743
18105.525
36204.161
5504.847
32507.249
25464.501
18162.123
39360.768
1632.013
5422.836
16500.490
4469.635
2665.811
5382.510
3379.317
11114.345
524.677
2376.612
2737.241
7800.135
634.985
22123.330
21184.329
22173.657
22022.933
796.915
26837.599
2392.160
12868.801
20785.483
2136.885
1236.739
6613.597
27187.026
11932.491
4815.431
9198.798
27760.398
13391.959
38791.342
2081.769
12679.949
28936.464
3583.645
20248.870
32021.466
10631.501
15351.358
5030.425
8828.416
7726.627
18071.015
19783.533
13445.024
13944.204
29129.562
12793.743
14961.735
277.193
7748.535
1063.495
35581.087
7759.123
30985.505
8314.181
3732.839
14144.453
16621.335
6431.159
14100.442
3587.170
27367.285
