E
Score is error!
Score is error!
Score is error!
D
A
E
E
Score is error!
E
E
Score is error!
Score is error!
E
Score is error!
E
E
Score is error!
Score is error!
E
B
E
Score is error!
Score is error!
A
Score is error!
Score is error!
E
A
A
Score is error!
C
Score is error!
Score is error!
Score is error!
Score is error!
Score is error!
Score is error!
Score is error!
E
A
Score is error!
Score is error!
Score is error!
Score is error!
E
E
Score is error!
E
Score is error!
E
Score is error!
B
E
D
A
Score is error!
Score is error!
E
A
Score is error!
E
D
Score is error!
A
E
C
Score is error!
Score is error!
E
E
Score is error!
Score is error!
E
Score is error!
E
C
Score is error!
Score is error!
Score is error!
E
E
Score is error!
Score is error!
E
Score is error!
E
A
D
Score is error!
E
Score is error!
