52.89
41.81
52.50
53.78
34.29
47.51
50.23
42.30
63.00
57.39
29.50
53.03
44.86
52.44
43.20
64.00
43.82
