17007846.1194
252944481.1322
29628489.1213
4530364.1235
112530743.0110
228585108.9086
94980047.1561
143771043.5220
