75953936.8691
71390459.3805
72472103.4479
54838648.6178
5822985.9657
45449436.6274
213151309.2899
193395551.5427
283230364.2242
252155790.5797
9020795.3255
42289365.7542
115028161.5157
