5704 924 5534 7464 2362 5675 1 3459 1813 8525 2388 175 7438 4467 
794 5724 1977 8234 1742 2193 3084 7281 1606 94 2034 6580 6470 6787 
6183 7771 8001 3254 4190 5638 6384 1665 8284 1689 7460 261 1111 8910 
2027 8188 6347 8751 3382 442 6091 115 4460 9712 1351 5948 4344 13 
7925 9606 8694 6842 5681 8817 101 6049 1331 8615 4547 5288 9116 4570 
8370 5909 8148 3212 235 7731 3631 1539 9529 9081 6042 7804 4307 8887 
7829 62 7690 7161 5643 3296 3127 8648 8654 6107 4088 318 9267 6732 
7247 3968 1622 5749 7154 3259 6577 6826 6323 3540 100 9240 6449 522 
5653 4619 2267 7856 1206 13 8250 2807 3007 2853 4073 8556 7918 9468 
4149 9164 9419 1913 4997 6606 95 8648 467 1082 2874 2443 2669 6476 
8081 5103 2787 7185 2392 353 3936 3709 6758 7619 5198 346 5871 3564 
4032 6126 8524 6702 6559 2967 6629 2824 254 399 2496 1701 5414 1694 
130 2596 4637 30 5125 4527 8122 2545 4492 528 1389 8445 8448 1255 
6560 7600 4783 3619 3322 4928 9189 1561 4111 3987 7005 5850 9343 5262 
