000
1000100
1110
10111001010000110110001
0011011011110010110010010
011110000010101011
011000000111000110011110101110111
10011010010110111110
100010111111001
110001000100110101111000010
00101000011100001110101100110
1001110010110
0010000001110010001011100000
1001001111000
101000011111101111
1100111100101101
001011
1011110111000100010100001
10000111111101110110
10111000000010
110010100000110011100
00110110100011
1001110110101011010110110
110001110100
10011001011011000000110010011001
011110010010101
10000111011101101011
000011100101000100101000110010000
1011101100100
10110100110001100111101
110000
100
01111011000010000000111010111010
01111001
1000011001001101
0101100001101
010010110000011101
1101001010001111
10001
110001110011001101
10001
000001100011010101111000011
11000100001111111
