93802
87685
91732
77973
94107
93540
91032
89389
84356
91118
86578
87522
71050
85377
83088
84587
87192
87917
85752
78972
80720
86282
86465
89251
89036
99348
89422
88615
87220
86940
85564
80356
94872
83342
93624
87484
87161
84651
91116
89306
90504
94123
84345
82134
88519
78710
83279
91632
90554
86969
86208
86352
78380
86360
80494
90288
90270
84258
85292
88780
94379
86321
82811
79286
86969
90129
85996
75245
83830
84872
