45748908145067388508270819001925442324633483258460754319510287386679346815371252389314218454416546390470519505421253650138437597855444943295943618260439688696033121846159497759653074991469849211316645039813803619769223081697960024627123363750582782717413508206034339896870638976035570390421648676456549807243005060925571774624984780666841370529032349346735445889111493760888677775794936326891842635569169544939720628584910403156044849281029502480166827189187314196652994184922692169606119376325940963409692362582371678635179889404099135484598858870937217129958035280801292229516368105110882645567241352160512538147470825686046111061858006565084668387561057841368346292976104868555409096299573001134660825668935666117215232086533939665833290348396690284127943359369659800667503281613246399195487863502949334378652389757981925935473868823439196004228687911416983984956509698971881599092289158727628155765015971522313386010166120
