35286471
63185247
26831475
27581463
61528374
74286135
74286135
47185263
63185247
36814752
37285146
53168247
36418572
52617483
63185247
42736815
36258174
63741825
83162574
72418536
58417263
15863724
