
aabecabeacbcbdaeecdcfbaaeed
afffecdgcgf
babaababaaabaacbbcacbbcabbabbcabbbbaaabbabbcaabccc
aaaaaaaaaaaaaaaaaaaaaaaaaaaaaaaaaaaaaaaaaaa
bcacaccabdbdaaacdcdbdd
aaaaaaaaaaaaaaaaaa
abacdabdaada
aaaaaaaaaaaaaaaababbbabbabbba
aaabbabaaaaabbbbbb
