535, 210, 0, 0, 0, 0, 0
Number of fish expected: 6695009
