28 303 5445
30 187 4912
48 474 9725
63 78 8672
81 278 1811
84 486 9067
87 216 8056
93 315 9857
111 405 3200
114 114 2844
117 13 752
117 420 8866
117 467 9600
126 235 7791
130 84 546
150 228 1296
154 269 5452
155 91 730
155 159 3237
156 16 5670
159 450 4410
168 303 5247
169 342 2858
182 391 401
206 69 6193
213 272 4872
221 207 992
240 354 7783
240 424 2960
255 116 1194
261 364 2875
284 269 8065
285 302 7654
286 388 592
288 455 7260
288 480 2795
290 342 4792
299 142 1470
300 390 2605
320 409 3153
321 18 6579
331 45 8353
336 57 3944
342 129 8552
347 277 3234
354 209 1150
374 83 2645
378 339 6463
384 168 228
387 169 5040
