23.71
64.29
98.29
2.86
6.71
75.86
38.57
78.00
23.43
68.00
39.14
2.86
74.86
88.57
57.86
28.57
14.29
35.71
73.14
5.71
98.29
15.71
88.29
66.29
30.43
22.00
48.29
39.43
36.43
39.71
22.86
23.43
62.14
79.29
5.71
22.29
61.14
82.29
17.14
74.29
28.57
9.00
50.00
83.29
14.86
69.14
94.29
50.86
14.29
2.57
97.14
19.43
74.29
68.71
52.14
19.43
12.29
29.43
35.86
50.57
25.43
46.29
39.71
17.71
80.29
39.00
53.71
70.14
12.43
