41 blocks
14 blocks
227 blocks
277 blocks
22 blocks
352 blocks
205 blocks
2497 blocks
9 blocks
3 blocks
