-361BE654
-5387276F
-4519A406
-671D3639
-63F1469B
-4C729132
-6B5EAB0B
-752F1752
-6BB2E131
-743056FA
-39DF7F16
-73EDA9D5
-40C4B00A
-6E9E7DEC
-4978E698
-6E300F28
-72EB90D8
-5874E03C
-659CCD14
-6E700C40
-454C7411
-5E381DE1
-59784F07
-6B5ACEF4
-6D392122
-6BDB404C
-565EAD8F
-467EA108
-3F0B9BE3
-3BA348D1
-5923ACE8
-30816E5D
-1C6D980F
-530373C5
-6785BD4D
-632BC488
-5E810A11
-60821C4C
-567C0A85
-72C84B4C
-5B5B5054
-478258E8
-491978FC
-4D638A70
-70B7998A
-5921B10E
-4218742F
-57CC360B
-59CA6536
-5B2C03D0
-6438C8B0
-69A68E7D
-5CB98043
-36C21E88
-68C8D799
-45DC6F00
