-5DAA87FC
-6D44B8C0
-6ADA3528
-6E8C06BE
-6171EDDA
-5CE88F4B
-74E2B58B
-57B05714
-578AA1ED
-5CAC640B
-68A2779D
-4D0B914C
-253F70CC
-3B004B41
-7073724B
-2C7C699E
-57225350
-6615F0D7
-55F3FB60
-6B694CB2
-49252D69
-5B0A113A
-70820A64
-6EFCC840
-647640B8
-511E3F34
-6BEE4DA4
-3A023D04
-703D0D46
-398DA01D
-34EE49B2
-6D0400BE
-2131A3BC
-5CCB41EB
-656EEEDC
-62ADA880
-50786326
-59B5D064
-2E2A25C6
-6C37FF17
-5D873DE0
-44EFC9AD
-51D802BC
-5405AFC4
-401804B5
-2F4572F7
-4646BBDA
-1FB02EFE
-58CD8F43
-59ED1F8B
-3CD04D7F
-4C327818
-763F6734
-602142D3
-4C068E45
-58FF706C
-62EEC0F6
-56A40841
-6D556682
-6F479634
-1E7D80B2
-41197D5F
-6D30F3B2
-64D4DA31
-6A44704C
-51BF90ED
-4C099793
-39F39C02
-73056EDB
-608A8F08
-3C8E20E6
-680D9B08
-3C4F9F9F
-69DB1C7C
-53A90A5C
-53FA1D8C
-6E47637F
-66B20A1F
-503D359C
-653AC2F1
-4B93B346
-515DBDB8
-61903FF2
-5DD96A9E
-428376A8
-4A8D9BAC
-481F7CFA
-5116E3C4
-676FA687
-63E66B47
-5A870C0C
-4C49F5E7
-66FD25E8
-33266FE3
-47B7C85A
-33DB7551
-44B829CF
-6573582F
-6DF90E4E
-63537704
-5B29BBE5
-71241096
-4A842F10
-707FCF69
-5E5656D4
-51DFF22C
-49909412
-6BC34406
-5BA20942
-66612FD8
-450C9860
-6A252458
-5F5577E1
-35EAF410
-628A22CA
-58B831F0
-6566E0EF
-36AEE7C7
-31CCC654
-50DD761C
-6AC40870
-406C7EBB
-59FE45FA
-1E60AE98
-605277A8
-559CC479
-5E1D646E
-44A8F818
-714506EE
-601C74B6
-6977A2F2
-6894CD2A
-6C563F58
-65669E6D
-58E66AD4
-5CA3D330
-74E94D77
-5075ED08
-4DFC565E
-5B9327CC
-36DA6A22
-6C79DCE4
-6620A84B
-6F1FD987
-639CA178
-641F5676
-47431B38
-7001EEAA
-570C742D
-415AFABE
-71EDCDF1
-6A59CD76
-3CDBFDFD
-505401A7
-4384C7E5
-5171809A
-51318010
-327AB49D
-5AFBEE94
-5B6A91B1
-66D2E6B6
-5B15A180
-5B22B99A
-7470DFFC
-5A35C7A5
-4E8A186F
-6474A2AB
-6CCE28D4
-5263F2F7
-1D9E0EC2
-5EC7BCE6
-699AEC70
-651235F6
-46E9E56C
-4E57F0E2
-3342E53C
-6E24F388
-4158B97D
-555BC8A8
-51EDFF80
-71E73516
-69009C32
-5D16F242
-6827ADEA
-530CF122
-71F2F45A
-51436A10
-4D8D7A85
-40976212
-57556822
-4E4E3152
-6CDE5669
-55410D1C
-56B9B0CF
-73E41D64
-4915CEE6
-4E796F4E
-4B963039
-5890FAE8
-48FA9E97
-6D0A3C74
-479EB957
-22F1CF43
-4B5FEC6B
-45807EAC
-2E485E12
-6948AFEA
-37978FEB
-5B447573
-349FC8D4
-6B7777BE
-689AAD16
-660318DE
-5393460D
-689EA672
-5764F9E8
-52EB07DE
-3550854C
-450CCBFE
-61BF4A0A
-4DFE8FC6
-525B70A6
-70CFB09F
-623D797C
-63DFF815
-59D8A95C
-6D7E5561
-54B94738
-45A6A650
-6B8F2BF3
-3FC7F027
-6A758086
-3FB9211E
-602259AE
-6451D378
-5C63B352
-75578F00
-60D25E64
-4C3DCB24
-51BB5822
-31A0387C
-3C86C828
-57E6031A
-6878A428
-566B02F0
-6D998A8D
-58828BDF
-6BA540E3
-61749693
-2C0D2360
-601BD33C
-2E7F529E
-5FC6C22C
-1E1353B6
-5E2F1486
-23A831C5
-3C3076B0
-68C023FE
-4F3E7217
-67B33426
-5CFD8B33
-4D1B7E24
-73216B10
-51368D4F
-1D2CCEF6
-62D1926D
-6529E774
-6020CC18
-4F58167F
-61C82F3E
-48D57AA3
-2CDF3EBD
-63E0B6AB
-531BD426
-3B1181C1
-653F91CB
-4B926FA6
-69F85532
-5B8580BC
-3ECA1F59
-646A64B2
-7059AFE0
-2DB61174
-6EC5FCF6
-69C07951
-5A792FCA
-4A91A458
-3FF77F4A
-66DD93F5
-6D7163AD
-3258C455
-546D6EC8
-1D100065
-2E9CA1C7
-620C71FC
-609C9350
-6F36F4C3
-5A97C8D4
-6EC4CCBD
-6FE55888
-3E1C8594
-7AE59E6
-35B8DB4A
-5CE8A212
-7632737A
-47D7725C
-6DD7F524
-2EEB4188
-4B2D48DC
-6689F8A0
-55B4539A
-632E661D
-61D919A7
-5CB16A60
-58C44B8A
-685374EE
-47F8B1B3
-4CA53AD4
-50F3E08C
-6A106336
-5EB911DB
-54321AFB
-68665DF0
-721E6E1A
-52573418
-4D085B93
-5B62E2E5
-46D619CA
-6482802C
-6E9B73C2
-61037B40
-474C5C66
-3EE11B45
-6CF3FFD9
-58997F14
-2C842BA6
-66AAE472
-5DA8907D
-4BA1D96B
-5DD4B8E1
-4E3B511F
-6ED2BFA6
-684D12A2
-5767B3DA
-481772C2
-3CC1A7D4
-63FC956A
-4C19F6E9
-746623CD
-38CD04CA
-5CA98BB8
-38B12BBB
-5E456A5B
-66845A10
-612C7EE2
-6FCD467F
-549CB501
-5F676677
-60B7D0B5
-6902B433
-6A5FFF7D
-6DAF84F0
-60F02AA0
-5200BA33
-51C0CDBE
-6B3495F0
-39AECA05
-44B6AE8F
-2BD8C604
-71384DEC
-4B09D83A
-6AB85780
-65E5E8C1
-36A2C90E
-6525E6F6
-5234AA67
-61358A7F
-592C94D0
-6791E4A6
-550D7C30
-4E91A39C
-4808520F
-68C791F2
-7636EB70
-4C5E583C
-5620BF59
-52B0BC46
-68F20D27
-4C0872FE
-4EBB7884
-5AEC6621
-4C0262DB
-65BEF4E0
-554DD389
-3943FD8C
-69DB2CBD
-7328F7CB
-68AA518A
-704C36C3
-654A678C
-56581126
-48828DA7
-561C1116
-6CBEC12B
-2DB74F28
-443E8FD8
-36B0E5D1
-62363906
-5CE1D12E
-508B361A
-66AE31E4
-4AA3CC71
-5D0EC213
-3F3049CF
-68003128
-6C7F02B0
-4724F825
-623A5B31
-28A4651E
-485A772D
